
> hcfinvest-frontend@0.0.0 build
> vite build

[36mvite v5.4.21 [32mbuilding for production...[36m[39m
transforming...
node.exe : [1m[33m[plugin:vite:esbuild][39m[22m [33m[plugin vite:esbuild] 
src/pages/IBPage.jsx: [33mDuplicate key "headers" in object literal[33m
At line:1 char:1
+ & "C:\Program Files\nodejs/node.exe" "C:\Program Files\nodejs/node_mo ...
+ ~~~~~~~~~~~~~~~~~~~~~~~~~~~~~~~~~~~~~~~~~~~~~~~~~~~~~~~~~~~~~~~~~~~~~
    + CategoryInfo          : NotSpecified: ([1m[33m[plugi...ct literal[33m 
   :String) [], RemoteException
    + FullyQualifiedErrorId : NativeCommandError
 
188|          method: "POST",
189|          headers: { "Content-Type": "application/json" },
190|          headers: authHeaders(),
   |          ^
191|          body: JSON.stringify({ userId: user._id }),
192|        });
[39m
[32mΓ£ô[39m 2649 modules transformed.
rendering chunks...
computing gzip size...
[2mdist/[22m[32mindex.html                 [39m[1m[2m    0.93 kB[22m[1m[22m[2m Γöé gzip:   0.49 kB[22m
[2mdist/[22m[35massets/index-Bp9oEYxz.css  [39m[1m[2m  109.11 kB[22m[1m[22m[2m Γöé gzip:  15.74 kB[22m
[2mdist/[22m[36massets/index-BJkNGewM.js   [39m[1m[33m1,532.99 kB[39m[22m[2m Γöé gzip: 345.53 kB[22m
[33m
(!) Some chunks are larger than 500 kB after minification. Consider:
- Using dynamic import() to code-split the application
- Use build.rollupOptions.output.manualChunks to improve chunking: 
https://rollupjs.org/configuration-options/#output-manualchunks
- Adjust chunk size limit for this warning via 
build.chunkSizeWarningLimit.[39m
[32mΓ£ô built in 16.31s[39m
